Traceback (most recent call last):
  File "C:\Users\USERB-PC\AppData\Local\Programs\Python\Python39\lib\site-packages\jupyter_core\utils\__init__.py", line 154, in wrapped
    asyncio.get_running_loop()
RuntimeError: no running event loop

During handling of the above exception, another exception occurred:

Traceback (most recent call last):
  File "C:\Users\USERB-PC\AppData\Local\Programs\Python\Python39\lib\site-packages\jupyter_cache\executors\utils.py", line 58, in single_nb_execution
    executenb(
  File "C:\Users\USERB-PC\AppData\Local\Programs\Python\Python39\lib\site-packages\nbclient\client.py", line 1319, in execute
    return NotebookClient(nb=nb, resources=resources, km=km, **kwargs).execute()
  File "C:\Users\USERB-PC\AppData\Local\Programs\Python\Python39\lib\site-packages\jupyter_core\utils\__init__.py", line 158, in wrapped
    return loop.run_until_complete(inner)
  File "C:\Users\USERB-PC\AppData\Local\Programs\Python\Python39\lib\asyncio\base_events.py", line 642, in run_until_complete
    return future.result()
  File "C:\Users\USERB-PC\AppData\Local\Programs\Python\Python39\lib\site-packages\nbclient\client.py", line 709, in async_execute
    await self.async_execute_cell(
  File "C:\Users\USERB-PC\AppData\Local\Programs\Python\Python39\lib\site-packages\nbclient\client.py", line 1062, in async_execute_cell
    await self._check_raise_for_error(cell, cell_index, exec_reply)
  File "C:\Users\USERB-PC\AppData\Local\Programs\Python\Python39\lib\site-packages\nbclient\client.py", line 918, in _check_raise_for_error
    raise CellExecutionError.from_cell_and_msg(cell, exec_reply_content)
nbclient.exceptions.CellExecutionError: An error occurred while executing the following cell:
------------------
engine = create_engine("mysql+pymysql://root:@localhost/psd")
query = "SELECT mcg, gvh, lip, chg, aac, alm1, alm2, localization_class FROM ecoli"
df = pd.read_sql(query, engine)

X = df.drop(columns=["localization_class"])
y = df["localization_class"]

X_train, X_test, y_train, y_test = train_test_split(
    X, y, test_size=0.2, random_state=42
)

model = GaussianNB()

bagging = BaggingClassifier(estimator=model, n_estimators=100, random_state=42)
bagging.fit(X_train, y_train)

prediksi = bagging.predict(X_test)
akurasi = accuracy_score(y_test, prediksi)
print("Akurasi:", akurasi)
print("Classification Report:\n", classification_report(y_test, prediksi, zero_division=0))

# confuison matrix

labels = np.unique(np.concatenate([y_train, y_test]))

cm = confusion_matrix(y_test, prediksi, labels=labels)

plt.figure(figsize=(8,6))
sns.heatmap(cm, annot=True, fmt="d", cmap="Blues", 
            xticklabels=labels, yticklabels=labels)
plt.xlabel("Prediksi")
plt.ylabel("Fakta")
plt.title("Confusion Matrix (Semua Kelas)")
plt.show()

all_labels = np.unique(np.concatenate([y_train, y_test]))

report = classification_report(
    y_test, prediksi, labels=all_labels,
    output_dict=True, zero_division=0
)

df_report = pd.DataFrame(report).transpose()

metrics_df = df_report[['precision','recall','f1-score']].iloc[:-3]

# warna diagram batang
ax = metrics_df.plot(
    kind='bar', 
    figsize=(12,6), 
    color=["#a01806", "#3c03a7", "#d4008e"], 
    edgecolor='black'
)

plt.title("Classification Report Metrics (Semua kelas)")
plt.ylabel("Score")
plt.ylim(0,1.05) 
plt.xticks(rotation=45)

# diagram batang
for p in ax.patches:
    value = f"{p.get_height():.2f}"
    x = p.get_x() + p.get_width()/2
    y = p.get_height()
    ax.annotate(value, (x, y), ha='center', va='bottom', fontsize=8, rotation=0)

plt.legend(title="Metrics")
plt.tight_layout()
plt.show()
------------------

----- stderr -----
C:\Users\USERB-PC\AppData\Local\Temp\ipykernel_5168\573352001.py:3: UserWarning: pandas only supports SQLAlchemy connectable (engine/connection) or database string URI or sqlite3 DBAPI2 connection. Other DBAPI2 objects are not tested. Please consider using SQLAlchemy.
  df = pd.read_sql(query, engine)
------------------

[1;31m---------------------------------------------------------------------------[0m
[1;31mAttributeError[0m                            Traceback (most recent call last)
Cell [1;32mIn[2], line 3[0m
[0;32m      1[0m engine [38;5;241m=[39m create_engine([38;5;124m"[39m[38;5;124mmysql+pymysql://root:@localhost/psd[39m[38;5;124m"[39m)
[0;32m      2[0m query [38;5;241m=[39m [38;5;124m"[39m[38;5;124mSELECT mcg, gvh, lip, chg, aac, alm1, alm2, localization_class FROM ecoli[39m[38;5;124m"[39m
[1;32m----> 3[0m df [38;5;241m=[39m [43mpd[49m[38;5;241;43m.[39;49m[43mread_sql[49m[43m([49m[43mquery[49m[43m,[49m[43m [49m[43mengine[49m[43m)[49m
[0;32m      5[0m X [38;5;241m=[39m df[38;5;241m.[39mdrop(columns[38;5;241m=[39m[[38;5;124m"[39m[38;5;124mlocalization_class[39m[38;5;124m"[39m])
[0;32m      6[0m y [38;5;241m=[39m df[[38;5;124m"[39m[38;5;124mlocalization_class[39m[38;5;124m"[39m]

File [1;32m~\AppData\Local\Programs\Python\Python39\lib\site-packages\pandas\io\sql.py:708[0m, in [0;36mread_sql[1;34m(sql, con, index_col, coerce_float, params, parse_dates, columns, chunksize, dtype_backend, dtype)[0m
[0;32m    706[0m [38;5;28;01mwith[39;00m pandasSQL_builder(con) [38;5;28;01mas[39;00m pandas_sql:
[0;32m    707[0m     [38;5;28;01mif[39;00m [38;5;28misinstance[39m(pandas_sql, SQLiteDatabase):
[1;32m--> 708[0m         [38;5;28;01mreturn[39;00m [43mpandas_sql[49m[38;5;241;43m.[39;49m[43mread_query[49m[43m([49m
[0;32m    709[0m [43m            [49m[43msql[49m[43m,[49m
[0;32m    710[0m [43m            [49m[43mindex_col[49m[38;5;241;43m=[39;49m[43mindex_col[49m[43m,[49m
[0;32m    711[0m [43m            [49m[43mparams[49m[38;5;241;43m=[39;49m[43mparams[49m[43m,[49m
[0;32m    712[0m [43m            [49m[43mcoerce_float[49m[38;5;241;43m=[39;49m[43mcoerce_float[49m[43m,[49m
[0;32m    713[0m [43m            [49m[43mparse_dates[49m[38;5;241;43m=[39;49m[43mparse_dates[49m[43m,[49m
[0;32m    714[0m [43m            [49m[43mchunksize[49m[38;5;241;43m=[39;49m[43mchunksize[49m[43m,[49m
[0;32m    715[0m [43m            [49m[43mdtype_backend[49m[38;5;241;43m=[39;49m[43mdtype_backend[49m[43m,[49m
[0;32m    716[0m [43m            [49m[43mdtype[49m[38;5;241;43m=[39;49m[43mdtype[49m[43m,[49m
[0;32m    717[0m [43m        [49m[43m)[49m
[0;32m    719[0m     [38;5;28;01mtry[39;00m:
[0;32m    720[0m         _is_table_name [38;5;241m=[39m pandas_sql[38;5;241m.[39mhas_table(sql)

File [1;32m~\AppData\Local\Programs\Python\Python39\lib\site-packages\pandas\io\sql.py:2728[0m, in [0;36mSQLiteDatabase.read_query[1;34m(self, sql, index_col, coerce_float, parse_dates, params, chunksize, dtype, dtype_backend)[0m
[0;32m   2717[0m [38;5;28;01mdef[39;00m[38;5;250m [39m[38;5;21mread_query[39m(
[0;32m   2718[0m     [38;5;28mself[39m,
[0;32m   2719[0m     sql,
[1;32m   (...)[0m
[0;32m   2726[0m     dtype_backend: DtypeBackend [38;5;241m|[39m Literal[[38;5;124m"[39m[38;5;124mnumpy[39m[38;5;124m"[39m] [38;5;241m=[39m [38;5;124m"[39m[38;5;124mnumpy[39m[38;5;124m"[39m,
[0;32m   2727[0m ) [38;5;241m-[39m[38;5;241m>[39m DataFrame [38;5;241m|[39m Iterator[DataFrame]:
[1;32m-> 2728[0m     cursor [38;5;241m=[39m [38;5;28;43mself[39;49m[38;5;241;43m.[39;49m[43mexecute[49m[43m([49m[43msql[49m[43m,[49m[43m [49m[43mparams[49m[43m)[49m
[0;32m   2729[0m     columns [38;5;241m=[39m [col_desc[[38;5;241m0[39m] [38;5;28;01mfor[39;00m col_desc [38;5;129;01min[39;00m cursor[38;5;241m.[39mdescription]
[0;32m   2731[0m     [38;5;28;01mif[39;00m chunksize [38;5;129;01mis[39;00m [38;5;129;01mnot[39;00m [38;5;28;01mNone[39;00m:

File [1;32m~\AppData\Local\Programs\Python\Python39\lib\site-packages\pandas\io\sql.py:2662[0m, in [0;36mSQLiteDatabase.execute[1;34m(self, sql, params)[0m
[0;32m   2660[0m     [38;5;28;01mraise[39;00m [38;5;167;01mTypeError[39;00m([38;5;124m"[39m[38;5;124mQuery must be a string unless using sqlalchemy.[39m[38;5;124m"[39m)
[0;32m   2661[0m args [38;5;241m=[39m [] [38;5;28;01mif[39;00m params [38;5;129;01mis[39;00m [38;5;28;01mNone[39;00m [38;5;28;01melse[39;00m [params]
[1;32m-> 2662[0m cur [38;5;241m=[39m [38;5;28;43mself[39;49m[38;5;241;43m.[39;49m[43mcon[49m[38;5;241;43m.[39;49m[43mcursor[49m()
[0;32m   2663[0m [38;5;28;01mtry[39;00m:
[0;32m   2664[0m     cur[38;5;241m.[39mexecute(sql, [38;5;241m*[39margs)

[1;31mAttributeError[0m: 'Engine' object has no attribute 'cursor'

