Traceback (most recent call last):
  File "C:\Users\USERB-PC\AppData\Local\Programs\Python\Python39\lib\site-packages\jupyter_core\utils\__init__.py", line 154, in wrapped
    asyncio.get_running_loop()
RuntimeError: no running event loop

During handling of the above exception, another exception occurred:

Traceback (most recent call last):
  File "C:\Users\USERB-PC\AppData\Local\Programs\Python\Python39\lib\site-packages\jupyter_cache\executors\utils.py", line 58, in single_nb_execution
    executenb(
  File "C:\Users\USERB-PC\AppData\Local\Programs\Python\Python39\lib\site-packages\nbclient\client.py", line 1319, in execute
    return NotebookClient(nb=nb, resources=resources, km=km, **kwargs).execute()
  File "C:\Users\USERB-PC\AppData\Local\Programs\Python\Python39\lib\site-packages\jupyter_core\utils\__init__.py", line 158, in wrapped
    return loop.run_until_complete(inner)
  File "C:\Users\USERB-PC\AppData\Local\Programs\Python\Python39\lib\asyncio\base_events.py", line 642, in run_until_complete
    return future.result()
  File "C:\Users\USERB-PC\AppData\Local\Programs\Python\Python39\lib\site-packages\nbclient\client.py", line 709, in async_execute
    await self.async_execute_cell(
  File "C:\Users\USERB-PC\AppData\Local\Programs\Python\Python39\lib\site-packages\nbclient\client.py", line 1062, in async_execute_cell
    await self._check_raise_for_error(cell, cell_index, exec_reply)
  File "C:\Users\USERB-PC\AppData\Local\Programs\Python\Python39\lib\site-packages\nbclient\client.py", line 918, in _check_raise_for_error
    raise CellExecutionError.from_cell_and_msg(cell, exec_reply_content)
nbclient.exceptions.CellExecutionError: An error occurred while executing the following cell:
------------------

X_train, X_test, y_train, y_test = train_test_split(
    X, y, test_size=0.2, random_state=42
)

X, y = make_classification(n_samples=100, n_features=4,
                           n_informative=2, n_redundant=0,
                           random_state=0, shuffle=False)

clf = BaggingClassifier(estimator=GaussianNB(),
                        n_estimators=100, random_state=0).fit(X, y)


prediksi = clf.predict(X_test)

print(f"accuracy_score : {accuracy_score(y_test, prediksi)}")
print("Classification Report:\n", classification_report(y_test, prediksi))

------------------

----- stderr -----
C:\Users\USERB-PC\AppData\Local\Programs\Python\Python39\lib\site-packages\sklearn\base.py:486: UserWarning: X has feature names, but BaggingClassifier was fitted without feature names
  warnings.warn(
------------------

[1;31m---------------------------------------------------------------------------[0m
[1;31mValueError[0m                                Traceback (most recent call last)
Cell [1;32mIn[5], line 13[0m
[0;32m      5[0m X, y [38;5;241m=[39m make_classification(n_samples[38;5;241m=[39m[38;5;241m100[39m, n_features[38;5;241m=[39m[38;5;241m4[39m,
[0;32m      6[0m                            n_informative[38;5;241m=[39m[38;5;241m2[39m, n_redundant[38;5;241m=[39m[38;5;241m0[39m,
[0;32m      7[0m                            random_state[38;5;241m=[39m[38;5;241m0[39m, shuffle[38;5;241m=[39m[38;5;28;01mFalse[39;00m)
[0;32m      9[0m clf [38;5;241m=[39m BaggingClassifier(estimator[38;5;241m=[39mGaussianNB(),
[0;32m     10[0m                         n_estimators[38;5;241m=[39m[38;5;241m100[39m, random_state[38;5;241m=[39m[38;5;241m0[39m)[38;5;241m.[39mfit(X, y)
[1;32m---> 13[0m prediksi [38;5;241m=[39m [43mclf[49m[38;5;241;43m.[39;49m[43mpredict[49m[43m([49m[43mX_test[49m[43m)[49m
[0;32m     15[0m [38;5;28mprint[39m([38;5;124mf[39m[38;5;124m"[39m[38;5;124maccuracy_score : [39m[38;5;132;01m{[39;00maccuracy_score(y_test,[38;5;250m [39mprediksi)[38;5;132;01m}[39;00m[38;5;124m"[39m)
[0;32m     16[0m [38;5;28mprint[39m([38;5;124m"[39m[38;5;124mClassification Report:[39m[38;5;130;01m\n[39;00m[38;5;124m"[39m, classification_report(y_test, prediksi))

File [1;32m~\AppData\Local\Programs\Python\Python39\lib\site-packages\sklearn\ensemble\_bagging.py:807[0m, in [0;36mBaggingClassifier.predict[1;34m(self, X)[0m
[0;32m    789[0m [38;5;28;01mdef[39;00m[38;5;250m [39m[38;5;21mpredict[39m([38;5;28mself[39m, X):
[0;32m    790[0m [38;5;250m    [39m[38;5;124;03m"""Predict class for X.[39;00m
[0;32m    791[0m 
[0;32m    792[0m [38;5;124;03m    The predicted class of an input sample is computed as the class with[39;00m
[1;32m   (...)[0m
[0;32m    805[0m [38;5;124;03m        The predicted classes.[39;00m
[0;32m    806[0m [38;5;124;03m    """[39;00m
[1;32m--> 807[0m     predicted_probabilitiy [38;5;241m=[39m [38;5;28;43mself[39;49m[38;5;241;43m.[39;49m[43mpredict_proba[49m[43m([49m[43mX[49m[43m)[49m
[0;32m    808[0m     [38;5;28;01mreturn[39;00m [38;5;28mself[39m[38;5;241m.[39mclasses_[38;5;241m.[39mtake((np[38;5;241m.[39margmax(predicted_probabilitiy, axis[38;5;241m=[39m[38;5;241m1[39m)), axis[38;5;241m=[39m[38;5;241m0[39m)

File [1;32m~\AppData\Local\Programs\Python\Python39\lib\site-packages\sklearn\ensemble\_bagging.py:834[0m, in [0;36mBaggingClassifier.predict_proba[1;34m(self, X)[0m
[0;32m    832[0m check_is_fitted([38;5;28mself[39m)
[0;32m    833[0m [38;5;66;03m# Check data[39;00m
[1;32m--> 834[0m X [38;5;241m=[39m [38;5;28;43mself[39;49m[38;5;241;43m.[39;49m[43m_validate_data[49m[43m([49m
[0;32m    835[0m [43m    [49m[43mX[49m[43m,[49m
[0;32m    836[0m [43m    [49m[43maccept_sparse[49m[38;5;241;43m=[39;49m[43m[[49m[38;5;124;43m"[39;49m[38;5;124;43mcsr[39;49m[38;5;124;43m"[39;49m[43m,[49m[43m [49m[38;5;124;43m"[39;49m[38;5;124;43mcsc[39;49m[38;5;124;43m"[39;49m[43m][49m[43m,[49m
[0;32m    837[0m [43m    [49m[43mdtype[49m[38;5;241;43m=[39;49m[38;5;28;43;01mNone[39;49;00m[43m,[49m
[0;32m    838[0m [43m    [49m[43mforce_all_finite[49m[38;5;241;43m=[39;49m[38;5;28;43;01mFalse[39;49;00m[43m,[49m
[0;32m    839[0m [43m    [49m[43mreset[49m[38;5;241;43m=[39;49m[38;5;28;43;01mFalse[39;49;00m[43m,[49m
[0;32m    840[0m [43m[49m[43m)[49m
[0;32m    842[0m [38;5;66;03m# Parallel loop[39;00m
[0;32m    843[0m n_jobs, _, starts [38;5;241m=[39m _partition_estimators([38;5;28mself[39m[38;5;241m.[39mn_estimators, [38;5;28mself[39m[38;5;241m.[39mn_jobs)

File [1;32m~\AppData\Local\Programs\Python\Python39\lib\site-packages\sklearn\base.py:654[0m, in [0;36mBaseEstimator._validate_data[1;34m(self, X, y, reset, validate_separately, cast_to_ndarray, **check_params)[0m
[0;32m    651[0m     out [38;5;241m=[39m X, y
[0;32m    653[0m [38;5;28;01mif[39;00m [38;5;129;01mnot[39;00m no_val_X [38;5;129;01mand[39;00m check_params[38;5;241m.[39mget([38;5;124m"[39m[38;5;124mensure_2d[39m[38;5;124m"[39m, [38;5;28;01mTrue[39;00m):
[1;32m--> 654[0m     [38;5;28;43mself[39;49m[38;5;241;43m.[39;49m[43m_check_n_features[49m[43m([49m[43mX[49m[43m,[49m[43m [49m[43mreset[49m[38;5;241;43m=[39;49m[43mreset[49m[43m)[49m
[0;32m    656[0m [38;5;28;01mreturn[39;00m out

File [1;32m~\AppData\Local\Programs\Python\Python39\lib\site-packages\sklearn\base.py:443[0m, in [0;36mBaseEstimator._check_n_features[1;34m(self, X, reset)[0m
[0;32m    440[0m     [38;5;28;01mreturn[39;00m
[0;32m    442[0m [38;5;28;01mif[39;00m n_features [38;5;241m!=[39m [38;5;28mself[39m[38;5;241m.[39mn_features_in_:
[1;32m--> 443[0m     [38;5;28;01mraise[39;00m [38;5;167;01mValueError[39;00m(
[0;32m    444[0m         [38;5;124mf[39m[38;5;124m"[39m[38;5;124mX has [39m[38;5;132;01m{[39;00mn_features[38;5;132;01m}[39;00m[38;5;124m features, but [39m[38;5;132;01m{[39;00m[38;5;28mself[39m[38;5;241m.[39m[38;5;18m__class__[39m[38;5;241m.[39m[38;5;18m__name__[39m[38;5;132;01m}[39;00m[38;5;124m [39m[38;5;124m"[39m
[0;32m    445[0m         [38;5;124mf[39m[38;5;124m"[39m[38;5;124mis expecting [39m[38;5;132;01m{[39;00m[38;5;28mself[39m[38;5;241m.[39mn_features_in_[38;5;132;01m}[39;00m[38;5;124m features as input.[39m[38;5;124m"[39m
[0;32m    446[0m     )

[1;31mValueError[0m: X has 7 features, but BaggingClassifier is expecting 4 features as input.

